[     135ms] [INFO] %cDownload the React DevTools for a better development experience: https://reactjs.org/link/react-devtools font-weight:bold @ http://localhost:5174/node_modules/.vite/deps/chunk-TBBDLHAM.js?v=9a7f7d35:21606
[     206ms] [LOG] [16:01:50] [NETWORK] Fetching collections: GET /api/collections @ http://localhost:5174/src/App.jsx?t=1784802494072:382
[     510ms] [ERROR] Failed to load resource: the server responded with a status of 404 (Not Found) @ http://localhost:5174/favicon.ico:0
[     667ms] [LOG] [16:01:50] [SUCCESS] Collections fetched: 8 @ http://localhost:5174/src/App.jsx?t=1784802494072:382
[     679ms] [LOG] [16:01:50] [NETWORK] Fetching products: GET /api/collection-products @ http://localhost:5174/src/App.jsx?t=1784802494072:382
[     679ms] [LOG] Payload: {collectionId: gid://shopify/Collection/458724835569} @ http://localhost:5174/src/App.jsx?t=1784802494072:384
[    4443ms] [LOG] [16:01:54] [SUCCESS] Fetched 33 products for collection "Polo T-shirt" @ http://localhost:5174/src/App.jsx?t=1784802494072:382
[  365339ms] [LOG] [16:07:55] [NETWORK] Fetching collections: GET /api/collections @ http://localhost:5174/src/App.jsx?t=1784803074595:383
[  365810ms] [LOG] [16:07:55] [SUCCESS] Collections fetched: 8 @ http://localhost:5174/src/App.jsx?t=1784803074595:383
[  365828ms] [LOG] [16:07:55] [NETWORK] Fetching products: GET /api/collection-products @ http://localhost:5174/src/App.jsx?t=1784803074595:383
[  365828ms] [LOG] Payload: {collectionId: gid://shopify/Collection/458724835569} @ http://localhost:5174/src/App.jsx?t=1784803074595:385
[  369225ms] [LOG] [16:07:59] [SUCCESS] Fetched 33 products for collection "Polo T-shirt" @ http://localhost:5174/src/App.jsx?t=1784803074595:383
[  395583ms] [LOG] [16:08:25] [NETWORK] Fetching products: GET /api/collection-products @ http://localhost:5174/src/App.jsx?t=1784803105111:383
[  395583ms] [LOG] Payload: {collectionId: gid://shopify/Collection/458724835569} @ http://localhost:5174/src/App.jsx?t=1784803105111:385
[  399512ms] [LOG] [16:08:29] [SUCCESS] Fetched 33 products for collection "Polo T-shirt" @ http://localhost:5174/src/App.jsx?t=1784803105111:383
[  622268ms] [LOG] [16:12:12] [NETWORK] Fetching products: GET /api/collection-products @ http://localhost:5174/src/App.jsx?t=1784803331657:383
[  622269ms] [LOG] Payload: {collectionId: gid://shopify/Collection/458724835569} @ http://localhost:5174/src/App.jsx?t=1784803331657:385
[  625910ms] [LOG] [16:12:15] [SUCCESS] Fetched 33 products for collection "Polo T-shirt" @ http://localhost:5174/src/App.jsx?t=1784803331657:383
[  634704ms] [LOG] [16:12:24] [NETWORK] Fetching products: GET /api/collection-products @ http://localhost:5174/src/App.jsx?t=1784803344109:383
[  634704ms] [LOG] Payload: {collectionId: gid://shopify/Collection/458724835569} @ http://localhost:5174/src/App.jsx?t=1784803344109:385
[  638284ms] [LOG] [16:12:28] [SUCCESS] Fetched 33 products for collection "Polo T-shirt" @ http://localhost:5174/src/App.jsx?t=1784803344109:383
[  673550ms] [LOG] [16:13:03] [NETWORK] Fetching products: GET /api/collection-products @ http://localhost:5174/src/App.jsx?t=1784803382934:383
[  673550ms] [LOG] Payload: {collectionId: gid://shopify/Collection/458724835569} @ http://localhost:5174/src/App.jsx?t=1784803382934:385
[  677088ms] [LOG] [16:13:06] [SUCCESS] Fetched 33 products for collection "Polo T-shirt" @ http://localhost:5174/src/App.jsx?t=1784803382934:383
[  910586ms] [LOG] [16:17:00] [NETWORK] Fetching products: GET /api/collection-products @ http://localhost:5174/src/App.jsx?t=1784803620088:383
[  910586ms] [LOG] Payload: {collectionId: gid://shopify/Collection/458724835569} @ http://localhost:5174/src/App.jsx?t=1784803620088:385
[  914272ms] [LOG] [16:17:04] [SUCCESS] Fetched 33 products for collection "Polo T-shirt" @ http://localhost:5174/src/App.jsx?t=1784803620088:383
[  919183ms] [LOG] [16:17:09] [NETWORK] Fetching products: GET /api/collection-products @ http://localhost:5174/src/App.jsx?t=1784803628724:383
[  919187ms] [LOG] Payload: {collectionId: gid://shopify/Collection/458724835569} @ http://localhost:5174/src/App.jsx?t=1784803628724:385
[  922785ms] [LOG] [16:17:12] [SUCCESS] Fetched 33 products for collection "Polo T-shirt" @ http://localhost:5174/src/App.jsx?t=1784803628724:383
[ 3219200ms] [ERROR] Failed to load resource: the server responded with a status of 500 (Internal Server Error) @ http://localhost:5174/api/order-mapping/logs/network?limit=20:0
[ 3219200ms] [ERROR] Failed to load resource: the server responded with a status of 500 (Internal Server Error) @ http://localhost:5174/api/order-mapping/logs/actions?limit=20:0
[ 3295032ms] [INFO] %cDownload the React DevTools for a better development experience: https://reactjs.org/link/react-devtools font-weight:bold @ http://localhost:5174/node_modules/.vite/deps/chunk-TBBDLHAM.js?v=9a7f7d35:21606
[ 3295075ms] [LOG] [16:56:44] [NETWORK] Fetching collections: GET /api/collections @ http://localhost:5174/src/App.jsx?t=1784805942952:383
[ 3295597ms] [LOG] [16:56:45] [SUCCESS] Collections fetched: 8 @ http://localhost:5174/src/App.jsx?t=1784805942952:383
[ 3295616ms] [LOG] [16:56:45] [NETWORK] Fetching products: GET /api/collection-products @ http://localhost:5174/src/App.jsx?t=1784805942952:383
[ 3295616ms] [LOG] Payload: {collectionId: gid://shopify/Collection/458724835569} @ http://localhost:5174/src/App.jsx?t=1784805942952:385
[ 3299176ms] [LOG] [16:56:49] [SUCCESS] Fetched 33 products for collection "Polo T-shirt" @ http://localhost:5174/src/App.jsx?t=1784805942952:383
